Traceback (most recent call last):
  File "/data3/zhuotaotian2_e2/deliverables/w25_judge_harness/w25_judge.py", line 132, in <module>
    main()
  File "/data3/zhuotaotian2_e2/deliverables/w25_judge_harness/w25_judge.py", line 78, in main
    df = pd.read_csv(args.pred_csv)
         ^^^^^^^^^^^^^^^^^^^^^^^^^^
  File "/data4/e2judge/lib/python3.11/site-packages/pandas/io/parsers/readers.py", line 872, in read_csv
    return _read(filepath_or_buffer, kwds)
           ^^^^^^^^^^^^^^^^^^^^^^^^^^^^^^^
  File "/data4/e2judge/lib/python3.11/site-packages/pandas/io/parsers/readers.py", line 300, in _read
    parser = TextFileReader(filepath_or_buffer, **kwds)
             ^^^^^^^^^^^^^^^^^^^^^^^^^^^^^^^^^^^^^^^^^^
  File "/data4/e2judge/lib/python3.11/site-packages/pandas/io/parsers/readers.py", line 1643, in __init__
    self._engine = self._make_engine(f, self.engine)
                   ^^^^^^^^^^^^^^^^^^^^^^^^^^^^^^^^^
  File "/data4/e2judge/lib/python3.11/site-packages/pandas/io/parsers/readers.py", line 1907, in _make_engine
    self.handles = get_handle(
                   ^^^^^^^^^^^
  File "/data4/e2judge/lib/python3.11/site-packages/pandas/io/common.py", line 930, in get_handle
    handle = open(
             ^^^^^
FileNotFoundError: [Errno 2] No such file or directory: 'oracle_patch/1_0.csv'
