clips=69368  anomalous=5416 (0.078)  rise>0 on 0.507 of clips
rise percentiles: p50=0.0000 p90=0.0049 p99=0.0513

 theta     rho  hit_rate  suppressed_anom   agree
  0.90    none     0.893            0.281   0.928
  0.90    0.20     0.893            0.280   0.928
  0.90    0.10     0.892            0.278   0.928
  0.90    0.05     0.885            0.273   0.929
  0.90    0.01     0.837            0.246   0.931
  0.90    0.00     0.442            0.119   0.931
  0.96    none     0.474            0.099   0.954
  0.96    0.20     0.474            0.099   0.954
  0.96    0.10     0.473            0.098   0.954
  0.96    0.05     0.470            0.096   0.954
  0.96    0.01     0.447            0.087   0.956
  0.96    0.00     0.234            0.040   0.955
  0.98    none     0.186            0.027   0.968
  0.98    0.20     0.186            0.027   0.968
  0.98    0.10     0.185            0.027   0.968
  0.98    0.05     0.184            0.026   0.968
  0.98    0.01     0.176            0.023   0.970
  0.98    0.00     0.092            0.010   0.970
  0.99    none     0.057            0.007   0.976
  0.99    0.20     0.057            0.007   0.976
  0.99    0.10     0.057            0.007   0.976
  0.99    0.05     0.057            0.007   0.976
  0.99    0.01     0.054            0.007   0.977
  0.99    0.00     0.029            0.003   0.973
