clips=2514 anom=0.475 cameras=12

Best hit rate at agreement >= 0.95, per (alpha, pool):
alpha  pool  theta     hit   agree  nhits
  0.0   ALL     --    none   0.876    113  (max agree, theta=0.99)
  0.0  XVID     --    none   0.774     53  (max agree, theta=0.99)
  0.0  XCAM     --    none   0.800      5  (max agree, theta=0.99)
 0.25   ALL     --    none   0.904    303  (max agree, theta=0.98)
 0.25  XVID     --    none   0.786     42  (max agree, theta=0.99)
 0.25  XCAM     --    none   0.667      3  (max agree, theta=0.98)
  0.5   ALL     --    none   0.931    404  (max agree, theta=0.98)
  0.5  XVID     --    none   0.770     61  (max agree, theta=0.98)
  0.5  XCAM   0.95   0.002   1.000      6
 0.75   ALL     --    none   0.932    366  (max agree, theta=0.99)
 0.75  XVID     --    none   0.852    162  (max agree, theta=0.98)
 0.75  XCAM   0.95   0.000   1.000      1
  1.0   ALL     --    none   0.897   1128  (max agree, theta=0.99)
  1.0  XVID     --    none   0.766    154  (max agree, theta=0.99)
  1.0  XCAM     --    none   0.700     10  (max agree, theta=0.96)

XCAM detail, alpha=0.0 / 0.5 / 1.0 (agreement vs theta):
 alpha=0.0
   th=0.80 hit=0.709 agree=0.552 n=1782
   th=0.85 hit=0.615 agree=0.557 n=1547
   th=0.90 hit=0.416 agree=0.571 n=1047
   th=0.95 hit=0.128 agree=0.578 n=322
 alpha=0.5
   th=0.80 hit=0.724 agree=0.551 n=1821
   th=0.85 hit=0.574 agree=0.553 n=1443
   th=0.90 hit=0.203 agree=0.558 n=511
   th=0.95 hit=0.002 agree=1.000 n=6
 alpha=1.0
   th=0.80 hit=0.832 agree=0.584 n=2091
   th=0.85 hit=0.805 agree=0.585 n=2024
   th=0.90 hit=0.663 agree=0.588 n=1667
   th=0.95 hit=0.041 agree=0.631 n=103
